// Jest Snapshot v1, https://goo.gl/fbAQLP

exports[`FrameCanvas should render correctly 1`] = `
<canvas
  height="640"
  style="width:640px;height:640px"
  width="640"
/>
`;
