// Jest Snapshot v1, https://goo.gl/fbAQLP

exports[`SpritesheetCanvas should render correctly 1`] = `"<canvas width=\\"320\\" height=\\"320\\" style=\\"width:320px;height:320px;\\"></canvas>"`;
