// Jest Snapshot v1, https://goo.gl/fbAQLP

exports[`maps JSON from file format to redux state 1`] = `
Object {
  "frames": Object {
    "x": 7,
    "y": 3,
  },
  "layers": Array [
    Object {
      "frame": 1,
      "id": 4,
      "name": "lights",
      "opacity": 100,
      "visible": true,
      "z": 2,
    },
    Object {
      "frame": 1,
      "id": 3,
      "name": "shadows",
      "opacity": 100,
      "visible": true,
      "z": 1,
    },
    Object {
      "frame": 20,
      "id": 20,
      "name": "layer 20",
      "opacity": 100,
      "visible": true,
      "z": 0,
    },
    Object {
      "frame": 19,
      "id": 19,
      "name": "layer 19",
      "opacity": 100,
      "visible": true,
      "z": 0,
    },
    Object {
      "frame": 18,
      "id": 18,
      "name": "layer 18",
      "opacity": 100,
      "visible": true,
      "z": 0,
    },
    Object {
      "frame": 17,
      "id": 17,
      "name": "layer 17",
      "opacity": 100,
      "visible": true,
      "z": 0,
    },
    Object {
      "frame": 16,
      "id": 16,
      "name": "layer 16",
      "opacity": 100,
      "visible": true,
      "z": 0,
    },
    Object {
      "frame": 15,
      "id": 15,
      "name": "layer 15",
      "opacity": 100,
      "visible": true,
      "z": 0,
    },
    Object {
      "frame": 13,
      "id": 14,
      "name": "layer 14",
      "opacity": 100,
      "visible": true,
      "z": 0,
    },
    Object {
      "frame": 11,
      "id": 12,
      "name": "layer 12",
      "opacity": 100,
      "visible": true,
      "z": 0,
    },
    Object {
      "frame": 10,
      "id": 11,
      "name": "layer 11",
      "opacity": 100,
      "visible": true,
      "z": 0,
    },
    Object {
      "frame": 9,
      "id": 10,
      "name": "layer 10",
      "opacity": 100,
      "visible": true,
      "z": 0,
    },
    Object {
      "frame": 6,
      "id": 8,
      "name": "layer 8",
      "opacity": 100,
      "visible": true,
      "z": 0,
    },
    Object {
      "frame": 5,
      "id": 7,
      "name": "layer 7",
      "opacity": 100,
      "visible": true,
      "z": 0,
    },
    Object {
      "frame": 4,
      "id": 6,
      "name": "layer 6",
      "opacity": 100,
      "visible": true,
      "z": 0,
    },
    Object {
      "frame": 3,
      "id": 5,
      "name": "layer 5",
      "opacity": 100,
      "visible": true,
      "z": 0,
    },
    Object {
      "frame": 2,
      "id": 2,
      "name": "layer 2",
      "opacity": 100,
      "visible": true,
      "z": 0,
    },
    Object {
      "frame": 1,
      "id": 1,
      "name": "shape",
      "opacity": 100,
      "visible": true,
      "z": 0,
    },
    Object {
      "frame": 8,
      "id": 21,
      "name": "lights",
      "opacity": 100,
      "visible": true,
      "z": 2,
    },
    Object {
      "frame": 8,
      "id": 22,
      "name": "shadows",
      "opacity": 100,
      "visible": true,
      "z": 1,
    },
    Object {
      "frame": 8,
      "id": 23,
      "name": "shape",
      "opacity": 100,
      "visible": true,
      "z": 0,
    },
    Object {
      "frame": 7,
      "id": 24,
      "name": "Layer 24",
      "opacity": 100,
      "visible": true,
      "z": 0,
    },
    Object {
      "frame": 14,
      "id": 25,
      "name": "Layer 25",
      "opacity": 100,
      "visible": true,
      "z": 0,
    },
    Object {
      "frame": 21,
      "id": 26,
      "name": "Layer 26",
      "opacity": 100,
      "visible": true,
      "z": 0,
    },
    Object {
      "frame": 12,
      "id": 27,
      "name": "layer 11",
      "opacity": 100,
      "visible": true,
      "z": 0,
    },
  ],
  "pixels": Object {
    "1": Object {
      "4": Object {
        "11": Object {
          "5": Object {
            "a": 1,
            "b": 128,
            "frame": 1,
            "g": 242,
            "layer": 4,
            "r": 254,
            "x": 11,
            "y": 5,
          },
        },
        "12": Object {
          "5": Object {
            "a": 1,
            "b": 128,
            "frame": 1,
            "g": 242,
            "layer": 4,
            "r": 254,
            "x": 12,
            "y": 5,
          },
        },
        "13": Object {
          "5": Object {
            "a": 1,
            "b": 128,
            "frame": 1,
            "g": 242,
            "layer": 4,
            "r": 254,
            "x": 13,
            "y": 5,
          },
        },
      },
    },
  },
  "size": Object {
    "height": 20,
    "width": 20,
  },
}
`;
