// Jest Snapshot v1, https://goo.gl/fbAQLP

exports[`getPixelsInFrame returns the pixels of a given frame 1`] = `
Object {
  "1": Object {
    "1": Object {
      "1": Object {
        "a": 1,
        "b": 0,
        "frame": 1,
        "g": 0,
        "layer": 1,
        "r": 0,
        "x": 1,
        "y": 1,
      },
      "2": Object {
        "a": 1,
        "b": 0,
        "frame": 1,
        "g": 0,
        "layer": 1,
        "r": 0,
        "x": 1,
        "y": 2,
      },
    },
    "2": Object {
      "1": Object {
        "a": 1,
        "b": 0,
        "frame": 1,
        "g": 0,
        "layer": 1,
        "r": 0,
        "x": 2,
        "y": 1,
      },
      "2": Object {
        "a": 1,
        "b": 0,
        "frame": 1,
        "g": 0,
        "layer": 1,
        "r": 0,
        "x": 2,
        "y": 2,
      },
    },
  },
  "2": Object {
    "1": Object {
      "1": Object {
        "a": 1,
        "b": 0,
        "frame": 1,
        "g": 0,
        "layer": 2,
        "r": 0,
        "x": 1,
        "y": 1,
      },
      "2": Object {
        "a": 1,
        "b": 0,
        "frame": 1,
        "g": 0,
        "layer": 2,
        "r": 0,
        "x": 1,
        "y": 2,
      },
    },
    "2": Object {
      "1": Object {
        "a": 1,
        "b": 0,
        "frame": 1,
        "g": 0,
        "layer": 2,
        "r": 0,
        "x": 2,
        "y": 1,
      },
      "2": Object {
        "a": 1,
        "b": 0,
        "frame": 1,
        "g": 0,
        "layer": 2,
        "r": 0,
        "x": 2,
        "y": 2,
      },
    },
  },
}
`;
