// Jest Snapshot v1, https://goo.gl/fbAQLP

exports[`App should render correctly 1`] = `
<div
  className="app"
>
  <Connect(Menu) />
  <div
    className="window browser paint"
  >
    <Connect(ScreenPaint) />
  </div>
  <Connect(ModalContainer) />
  <ScreenBlocker />
</div>
`;
