// Jest Snapshot v1, https://goo.gl/fbAQLP

exports[`EraserTool should render correctly 1`] = `"<div id=\\"Eraser-Tool\\" class=\\"ToolComponent\\"><i class=\\"icon flaticon-double31\\" style=\\"position:relative;left:0.25em\\"></i><span class=\\"hint\\">Click a pixel to erase it.</span></div>"`;
