// Jest Snapshot v1, https://goo.gl/fbAQLP

exports[`MoveTool should render correctly 1`] = `"<div id=\\"Move-Tool\\" class=\\"ToolComponent\\"><i class=\\"icon flaticon-move11\\"></i><span class=\\"hint\\">Move pixels of a layer by dragging.</span></div>"`;
