// Jest Snapshot v1, https://goo.gl/fbAQLP

exports[`RectangularSelectionTool should render correctly 1`] = `"<div id=\\"RectangularSelection-Tool\\" class=\\"ToolComponent\\"><i class=\\"icon flaticon-selection7\\"></i><span class=\\"hint\\">Select some pixels to work with!</span></div>"`;
