// Jest Snapshot v1, https://goo.gl/fbAQLP

exports[`ExportZoomSelection should render correctly 1`] = `
<div>
  <h6>
    Zoom
  </h6>
  <ul>
    <li>
      <input
        max="50"
        min="1"
        type="range"
        value="1"
      />
      <input
        max="50"
        min="1"
        type="number"
        value="1"
      />
    </li>
    <li>
      <i>
        Image size: \${w}x\${h} pixels
      </i>
    </li>
  </ul>
</div>
`;
