// Jest Snapshot v1, https://goo.gl/fbAQLP

exports[`ExportPreviewSingleFrame should render correctly 1`] = `"<div class=\\"preview checkerboard\\" style=\\"width:16px;height:16px;\\"><canvas width=\\"16\\" height=\\"16\\" style=\\"width:16px;height:16px;\\"></canvas></div>"`;
