// Jest Snapshot v1, https://goo.gl/fbAQLP

exports[`ExportButton should render correctly 1`] = `"<a class=\\"button\\">Export</a>"`;
