// Jest Snapshot v1, https://goo.gl/fbAQLP

exports[`ExportStatus should render correctly 1`] = `"<div class=\\"bar\\">Export finished</div>"`;
