// Jest Snapshot v1, https://goo.gl/fbAQLP

exports[`ExportBackgroundSelection should render correctly 1`] = `"<div><h6>Background</h6><ul><li><div><div class=\\"colorswatch\\" style=\\"background:#cccccc\\" title=\\"#cccccc\\"></div></div></li></ul></div>"`;
