// Jest Snapshot v1, https://goo.gl/fbAQLP

exports[`ExportFormatSelection should render correctly 1`] = `"<div><h6>Save as</h6><ul><li><select><option selected=\\"\\" value=\\"png\\">png</option><option value=\\"jpeg\\">jpg</option></select></li></ul></div>"`;
