// Jest Snapshot v1, https://goo.gl/fbAQLP

exports[`LayerboxDrophelper should render correctly 1`] = `"<div class=\\"dropzone\\"><div class=\\"dropzone-inner left\\"></div><div class=\\"dropzone-inner center\\"></div><div class=\\"dropzone-inner right\\"></div></div>"`;
