// Jest Snapshot v1, https://goo.gl/fbAQLP

exports[`Previewbox should render correctly 1`] = `
<canvas
  height="192"
  width="192"
/>
`;
